{
  "analysis": "This week you're at 71.4% completion rate with an overall success rate of 71.4%. Your current streak stands at 2 days. \u26a1 Motivation may be wavering Let me break down what's working and what needs attention.",
  "statistics": {
    "success_rate": "71.4%",
    "current_streak": "2 days",
    "longest_streak": "2 days",
    "weekly_performance": "71.4%",
    "monthly_performance": "71.4%",
    "total_habits_tracked": 3,
    "habit_difficulty_scores": {
      "Meditation": 1.0,
      "Reading": 6.2,
      "Workout": 2.4
    }
  },
  "insights": [
    "Your performance is declining for: Reading. Recent completion rates are lower than your earlier averages.",
    "Great progress on: Workout! Your recent performance is trending upward.",
    "Big gap between your strongest habit (Meditation at 100.0%) and weakest (Reading at 50.0%). Consider giving extra attention to the weaker one.",
    "Your HabitCategory.HEALTH habits are your strongest category (avg 100% success) \u2014 well done!"
  ],
  "suggestions": [
    "Lower the bar for Reading. Doing 50% of your goal is better than skipping entirely.",
    "You're doing well on Meditation \u2014 reward yourself for hitting milestones.",
    "Visualize your future self completing each habit. Mental rehearsal primes your brain for action.",
    "Track your wins at the end of each day. Reflection boosts motivation and self-awareness."
  ],
  "motivation": "Progress isn't always linear, and that's okay. What matters is that you keep showing up. Small steps, big results. Let's make today count!"
}
